// Jest Snapshot v1, https://goo.gl/fbAQLP

exports[`Header works renders the component 1`] = `
<section class="all-cards">
  <div class="card-user"><img class="user-image" src="https://api.randomuser.me/0.2/portraits/women/10.jpg" alt="user">
    <p>mrs abigail foster</p>
    <p id="email">abigail.foster60@example.com</p>
  </div>
  <div class="card-user"><img class="user-image" src="https://api.randomuser.me/0.2/portraits/women/35.jpg" alt="user">
    <p>ms allison graham</p>
    <p id="email">allison.graham70@example.com</p>
  </div>
  <div class="card-user"><img class="user-image" src="https://api.randomuser.me/0.2/portraits/women/33.jpg" alt="user">
    <p>miss susan clark</p>
    <p id="email">susan.clark11@example.com</p>
  </div>
  <div class="card-user"><img class="user-image" src="https://api.randomuser.me/0.2/portraits/men/14.jpg" alt="user">
    <p>mr nicholas howard</p>
    <p id="email">nicholas.howard84@example.com</p>
  </div>
  <div class="card-user"><img class="user-image" src="https://api.randomuser.me/0.2/portraits/women/30.jpg" alt="user">
    <p>mrs hannah ford</p>
    <p id="email">hannah.ford29@example.com</p>
  </div>
  <div class="card-user"><img class="user-image" src="https://api.randomuser.me/0.2/portraits/women/35.jpg" alt="user">
    <p>mrs genesis carter</p>
    <p id="email">genesis.carter42@example.com</p>
  </div>
  <div class="card-user"><img class="user-image" src="https://api.randomuser.me/0.2/portraits/women/23.jpg" alt="user">
    <p>mrs kenzi foster</p>
    <p id="email">kenzi.foster37@example.com</p>
  </div>
  <div class="card-user"><img class="user-image" src="https://api.randomuser.me/0.2/portraits/women/22.jpg" alt="user">
    <p>miss katie wright</p>
    <p id="email">katie.wright60@example.com</p>
  </div>
  <div class="card-user"><img class="user-image" src="https://api.randomuser.me/0.2/portraits/men/3.jpg" alt="user">
    <p>mr gavin lee</p>
    <p id="email">gavin.lee41@example.com</p>
  </div>
  <div class="card-user"><img class="user-image" src="https://api.randomuser.me/0.2/portraits/women/5.jpg" alt="user">
    <p>miss jane ross</p>
    <p id="email">jane.ross42@example.com</p>
  </div>
  <div class="card-user"><img class="user-image" src="https://api.randomuser.me/0.2/portraits/men/2.jpg" alt="user">
    <p>mr douglas ford</p>
    <p id="email">douglas.ford43@example.com</p>
  </div>
  <div class="card-user"><img class="user-image" src="https://api.randomuser.me/0.2/portraits/women/29.jpg" alt="user">
    <p>mrs shannon rivera</p>
    <p id="email">shannon.rivera95@example.com</p>
  </div>
  <div class="card-user"><img class="user-image" src="https://api.randomuser.me/0.2/portraits/women/3.jpg" alt="user">
    <p>miss kenzi watson</p>
    <p id="email">kenzi.watson58@example.com</p>
  </div>
  <div class="card-user"><img class="user-image" src="https://api.randomuser.me/0.2/portraits/women/10.jpg" alt="user">
    <p>miss isabella myers</p>
    <p id="email">isabella.myers69@example.com</p>
  </div>
  <div class="card-user"><img class="user-image" src="https://api.randomuser.me/0.2/portraits/women/4.jpg" alt="user">
    <p>mrs abigail edwards</p>
    <p id="email">abigail.edwards34@example.com</p>
  </div>
  <div class="card-user"><img class="user-image" src="https://api.randomuser.me/0.2/portraits/men/35.jpg" alt="user">
    <p>mr isaac cox</p>
    <p id="email">isaac.cox28@example.com</p>
  </div>
  <div class="card-user"><img class="user-image" src="https://api.randomuser.me/0.2/portraits/women/23.jpg" alt="user">
    <p>ms allison jones</p>
    <p id="email">allison.jones81@example.com</p>
  </div>
  <div class="card-user"><img class="user-image" src="https://api.randomuser.me/0.2/portraits/men/41.jpg" alt="user">
    <p>mr ryan sanders</p>
    <p id="email">ryan.sanders19@example.com</p>
  </div>
  <div class="card-user"><img class="user-image" src="https://api.randomuser.me/0.2/portraits/men/44.jpg" alt="user">
    <p>mr mark martinez</p>
    <p id="email">mark.martinez26@example.com</p>
  </div>
  <div class="card-user"><img class="user-image" src="https://api.randomuser.me/0.2/portraits/men/15.jpg" alt="user">
    <p>mr mark kuhn</p>
    <p id="email">mark.kuhn95@example.com</p>
  </div>
  <div class="card-user"><img class="user-image" src="https://api.randomuser.me/0.2/portraits/men/45.jpg" alt="user">
    <p>mr adrian graham</p>
    <p id="email">adrian.graham60@example.com</p>
  </div>
  <div class="card-user"><img class="user-image" src="https://api.randomuser.me/0.2/portraits/women/22.jpg" alt="user">
    <p>miss amanda patterson</p>
    <p id="email">amanda.patterson61@example.com</p>
  </div>
  <div class="card-user"><img class="user-image" src="https://api.randomuser.me/0.2/portraits/women/28.jpg" alt="user">
    <p>ms elizabeth lee</p>
    <p id="email">elizabeth.lee56@example.com</p>
  </div>
  <div class="card-user"><img class="user-image" src="https://api.randomuser.me/0.2/portraits/women/35.jpg" alt="user">
    <p>miss amanda ford</p>
    <p id="email">amanda.ford21@example.com</p>
  </div>
  <div class="card-user"><img class="user-image" src="https://api.randomuser.me/0.2/portraits/women/20.jpg" alt="user">
    <p>mrs kay perry</p>
    <p id="email">kay.perry15@example.com</p>
  </div>
  <div class="card-user"><img class="user-image" src="https://api.randomuser.me/0.2/portraits/men/3.jpg" alt="user">
    <p>mr landon miller</p>
    <p id="email">landon.miller95@example.com</p>
  </div>
  <div class="card-user"><img class="user-image" src="https://api.randomuser.me/0.2/portraits/women/14.jpg" alt="user">
    <p>miss susan cook</p>
    <p id="email">susan.cook85@example.com</p>
  </div>
  <div class="card-user"><img class="user-image" src="https://api.randomuser.me/0.2/portraits/men/43.jpg" alt="user">
    <p>mr dylan williams</p>
    <p id="email">dylan.williams12@example.com</p>
  </div>
  <div class="card-user"><img class="user-image" src="https://api.randomuser.me/0.2/portraits/women/20.jpg" alt="user">
    <p>miss mary mitchelle</p>
    <p id="email">mary.mitchelle36@example.com</p>
  </div>
  <div class="card-user"><img class="user-image" src="https://api.randomuser.me/0.2/portraits/men/20.jpg" alt="user">
    <p>mr stephen johnson</p>
    <p id="email">stephen.johnson97@example.com</p>
  </div>
  <div class="card-user"><img class="user-image" src="https://api.randomuser.me/0.2/portraits/men/17.jpg" alt="user">
    <p>mr ritthy washington</p>
    <p id="email">ritthy.washington73@example.com</p>
  </div>
  <div class="card-user"><img class="user-image" src="https://api.randomuser.me/0.2/portraits/women/32.jpg" alt="user">
    <p>miss kim sullivan</p>
    <p id="email">kim.sullivan91@example.com</p>
  </div>
  <div class="card-user"><img class="user-image" src="https://api.randomuser.me/0.2/portraits/men/5.jpg" alt="user">
    <p>mr daniel scott</p>
    <p id="email">daniel.scott61@example.com</p>
  </div>
  <div class="card-user"><img class="user-image" src="https://api.randomuser.me/0.2/portraits/women/0.jpg" alt="user">
    <p>mrs isabella kuhn</p>
    <p id="email">isabella.kuhn58@example.com</p>
  </div>
  <div class="card-user"><img class="user-image" src="https://api.randomuser.me/0.2/portraits/men/35.jpg" alt="user">
    <p>mr lucas ford</p>
    <p id="email">lucas.ford93@example.com</p>
  </div>
  <div class="card-user"><img class="user-image" src="https://api.randomuser.me/0.2/portraits/men/39.jpg" alt="user">
    <p>mr peter long</p>
    <p id="email">peter.long69@example.com</p>
  </div>
  <div class="card-user"><img class="user-image" src="https://api.randomuser.me/0.2/portraits/women/13.jpg" alt="user">
    <p>miss aubrey young</p>
    <p id="email">aubrey.young59@example.com</p>
  </div>
  <div class="card-user"><img class="user-image" src="https://api.randomuser.me/0.2/portraits/women/24.jpg" alt="user">
    <p>ms kathy campbell</p>
    <p id="email">kathy.campbell57@example.com</p>
  </div>
  <div class="card-user"><img class="user-image" src="https://api.randomuser.me/0.2/portraits/women/4.jpg" alt="user">
    <p>ms nevaeh davis</p>
    <p id="email">nevaeh.davis16@example.com</p>
  </div>
  <div class="card-user"><img class="user-image" src="https://api.randomuser.me/0.2/portraits/men/46.jpg" alt="user">
    <p>mr anthony perry</p>
    <p id="email">anthony.perry67@example.com</p>
  </div>
  <div class="card-user"><img class="user-image" src="https://api.randomuser.me/0.2/portraits/men/13.jpg" alt="user">
    <p>mr isaac wright</p>
    <p id="email">isaac.wright29@example.com</p>
  </div>
  <div class="card-user"><img class="user-image" src="https://api.randomuser.me/0.2/portraits/men/36.jpg" alt="user">
    <p>mr liam hall</p>
    <p id="email">liam.hall25@example.com</p>
  </div>
  <div class="card-user"><img class="user-image" src="https://api.randomuser.me/0.2/portraits/women/33.jpg" alt="user">
    <p>mrs isabella mitchelle</p>
    <p id="email">isabella.mitchelle88@example.com</p>
  </div>
  <div class="card-user"><img class="user-image" src="https://api.randomuser.me/0.2/portraits/men/45.jpg" alt="user">
    <p>mr levi gonzales</p>
    <p id="email">levi.gonzales74@example.com</p>
  </div>
  <div class="card-user"><img class="user-image" src="https://api.randomuser.me/0.2/portraits/women/7.jpg" alt="user">
    <p>miss sarah jackson</p>
    <p id="email">sarah.jackson65@example.com</p>
  </div>
  <div class="card-user"><img class="user-image" src="https://api.randomuser.me/0.2/portraits/men/22.jpg" alt="user">
    <p>mr evan perry</p>
    <p id="email">evan.perry69@example.com</p>
  </div>
  <div class="card-user"><img class="user-image" src="https://api.randomuser.me/0.2/portraits/men/21.jpg" alt="user">
    <p>mr harold graham</p>
    <p id="email">harold.graham54@example.com</p>
  </div>
  <div class="card-user"><img class="user-image" src="https://api.randomuser.me/0.2/portraits/men/43.jpg" alt="user">
    <p>mr george rodriquez</p>
    <p id="email">george.rodriquez83@example.com</p>
  </div>
  <div class="card-user"><img class="user-image" src="https://api.randomuser.me/0.2/portraits/men/32.jpg" alt="user">
    <p>mr cameron scott</p>
    <p id="email">cameron.scott69@example.com</p>
  </div>
  <div class="card-user"><img class="user-image" src="https://api.randomuser.me/0.2/portraits/women/32.jpg" alt="user">
    <p>ms madison moore</p>
    <p id="email">madison.moore80@example.com</p>
  </div>
  <div class="card-user"><img class="user-image" src="https://api.randomuser.me/0.2/portraits/men/30.jpg" alt="user">
    <p>mr gabriel sanders</p>
    <p id="email">gabriel.sanders85@example.com</p>
  </div>
  <div class="card-user"><img class="user-image" src="https://api.randomuser.me/0.2/portraits/women/11.jpg" alt="user">
    <p>mrs charlotte henderson</p>
    <p id="email">charlotte.henderson71@example.com</p>
  </div>
  <div class="card-user"><img class="user-image" src="https://api.randomuser.me/0.2/portraits/men/39.jpg" alt="user">
    <p>mr sebastian ross</p>
    <p id="email">sebastian.ross34@example.com</p>
  </div>
  <div class="card-user"><img class="user-image" src="https://api.randomuser.me/0.2/portraits/men/36.jpg" alt="user">
    <p>mr george evans</p>
    <p id="email">george.evans13@example.com</p>
  </div>
  <div class="card-user"><img class="user-image" src="https://api.randomuser.me/0.2/portraits/women/9.jpg" alt="user">
    <p>miss kim clark</p>
    <p id="email">kim.clark24@example.com</p>
  </div>
  <div class="card-user"><img class="user-image" src="https://api.randomuser.me/0.2/portraits/women/12.jpg" alt="user">
    <p>miss kristin nelson</p>
    <p id="email">kristin.nelson69@example.com</p>
  </div>
  <div class="card-user"><img class="user-image" src="https://api.randomuser.me/0.2/portraits/women/13.jpg" alt="user">
    <p>miss rebecca turner</p>
    <p id="email">rebecca.turner94@example.com</p>
  </div>
  <div class="card-user"><img class="user-image" src="https://api.randomuser.me/0.2/portraits/women/18.jpg" alt="user">
    <p>mrs leah kelly</p>
    <p id="email">leah.kelly61@example.com</p>
  </div>
  <div class="card-user"><img class="user-image" src="https://api.randomuser.me/0.2/portraits/men/6.jpg" alt="user">
    <p>mr thomas harris</p>
    <p id="email">thomas.harris13@example.com</p>
  </div>
  <div class="card-user"><img class="user-image" src="https://api.randomuser.me/0.2/portraits/men/6.jpg" alt="user">
    <p>mr walter ford</p>
    <p id="email">walter.ford33@example.com</p>
  </div>
  <div class="card-user"><img class="user-image" src="https://api.randomuser.me/0.2/portraits/women/7.jpg" alt="user">
    <p>miss avery parker</p>
    <p id="email">avery.parker73@example.com</p>
  </div>
  <div class="card-user"><img class="user-image" src="https://api.randomuser.me/0.2/portraits/women/32.jpg" alt="user">
    <p>mrs sandra cox</p>
    <p id="email">sandra.cox68@example.com</p>
  </div>
  <div class="card-user"><img class="user-image" src="https://api.randomuser.me/0.2/portraits/men/39.jpg" alt="user">
    <p>mr william lee</p>
    <p id="email">william.lee91@example.com</p>
  </div>
  <div class="card-user"><img class="user-image" src="https://api.randomuser.me/0.2/portraits/women/17.jpg" alt="user">
    <p>mrs june foster</p>
    <p id="email">june.foster74@example.com</p>
  </div>
  <div class="card-user"><img class="user-image" src="https://api.randomuser.me/0.2/portraits/men/5.jpg" alt="user">
    <p>mr hunter lewis</p>
    <p id="email">hunter.lewis54@example.com</p>
  </div>
  <div class="card-user"><img class="user-image" src="https://api.randomuser.me/0.2/portraits/men/24.jpg" alt="user">
    <p>mr ronald howard</p>
    <p id="email">ronald.howard98@example.com</p>
  </div>
  <div class="card-user"><img class="user-image" src="https://api.randomuser.me/0.2/portraits/men/11.jpg" alt="user">
    <p>mr peter evans</p>
    <p id="email">peter.evans17@example.com</p>
  </div>
  <div class="card-user"><img class="user-image" src="https://api.randomuser.me/0.2/portraits/men/9.jpg" alt="user">
    <p>mr landon scott</p>
    <p id="email">landon.scott35@example.com</p>
  </div>
  <div class="card-user"><img class="user-image" src="https://api.randomuser.me/0.2/portraits/women/30.jpg" alt="user">
    <p>ms linda ward</p>
    <p id="email">linda.ward84@example.com</p>
  </div>
  <div class="card-user"><img class="user-image" src="https://api.randomuser.me/0.2/portraits/men/31.jpg" alt="user">
    <p>mr aiden thompson</p>
    <p id="email">aiden.thompson91@example.com</p>
  </div>
  <div class="card-user"><img class="user-image" src="https://api.randomuser.me/0.2/portraits/women/20.jpg" alt="user">
    <p>miss scarlett cook</p>
    <p id="email">scarlett.cook25@example.com</p>
  </div>
  <div class="card-user"><img class="user-image" src="https://api.randomuser.me/0.2/portraits/men/22.jpg" alt="user">
    <p>mr arthur green</p>
    <p id="email">arthur.green67@example.com</p>
  </div>
  <div class="card-user"><img class="user-image" src="https://api.randomuser.me/0.2/portraits/women/19.jpg" alt="user">
    <p>miss peyton gray</p>
    <p id="email">peyton.gray70@example.com</p>
  </div>
  <div class="card-user"><img class="user-image" src="https://api.randomuser.me/0.2/portraits/women/20.jpg" alt="user">
    <p>ms kaylee clark</p>
    <p id="email">kaylee.clark12@example.com</p>
  </div>
  <div class="card-user"><img class="user-image" src="https://api.randomuser.me/0.2/portraits/women/11.jpg" alt="user">
    <p>ms ava gray</p>
    <p id="email">ava.gray70@example.com</p>
  </div>
  <div class="card-user"><img class="user-image" src="https://api.randomuser.me/0.2/portraits/men/17.jpg" alt="user">
    <p>mr landon coleman</p>
    <p id="email">landon.coleman20@example.com</p>
  </div>
  <div class="card-user"><img class="user-image" src="https://api.randomuser.me/0.2/portraits/women/29.jpg" alt="user">
    <p>ms jennifer patterson</p>
    <p id="email">jennifer.patterson70@example.com</p>
  </div>
  <div class="card-user"><img class="user-image" src="https://api.randomuser.me/0.2/portraits/men/15.jpg" alt="user">
    <p>mr mason jenkins</p>
    <p id="email">mason.jenkins96@example.com</p>
  </div>
  <div class="card-user"><img class="user-image" src="https://api.randomuser.me/0.2/portraits/women/6.jpg" alt="user">
    <p>miss serenity moore</p>
    <p id="email">serenity.moore43@example.com</p>
  </div>
  <div class="card-user"><img class="user-image" src="https://api.randomuser.me/0.2/portraits/men/35.jpg" alt="user">
    <p>mr jordan diaz</p>
    <p id="email">jordan.diaz41@example.com</p>
  </div>
  <div class="card-user"><img class="user-image" src="https://api.randomuser.me/0.2/portraits/men/21.jpg" alt="user">
    <p>mr jayden hamilton</p>
    <p id="email">jayden.hamilton45@example.com</p>
  </div>
  <div class="card-user"><img class="user-image" src="https://api.randomuser.me/0.2/portraits/men/10.jpg" alt="user">
    <p>mr albert kuhn</p>
    <p id="email">albert.kuhn43@example.com</p>
  </div>
  <div class="card-user"><img class="user-image" src="https://api.randomuser.me/0.2/portraits/women/23.jpg" alt="user">
    <p>ms ashley myers</p>
    <p id="email">ashley.myers44@example.com</p>
  </div>
  <div class="card-user"><img class="user-image" src="https://api.randomuser.me/0.2/portraits/men/29.jpg" alt="user">
    <p>mr aiden kuhn</p>
    <p id="email">aiden.kuhn80@example.com</p>
  </div>
  <div class="card-user"><img class="user-image" src="https://api.randomuser.me/0.2/portraits/women/21.jpg" alt="user">
    <p>mrs candice jones</p>
    <p id="email">candice.jones60@example.com</p>
  </div>
  <div class="card-user"><img class="user-image" src="https://api.randomuser.me/0.2/portraits/men/30.jpg" alt="user">
    <p>mr dylan griffin</p>
    <p id="email">dylan.griffin22@example.com</p>
  </div>
  <div class="card-user"><img class="user-image" src="https://api.randomuser.me/0.2/portraits/women/6.jpg" alt="user">
    <p>ms jessica allen</p>
    <p id="email">jessica.allen64@example.com</p>
  </div>
  <div class="card-user"><img class="user-image" src="https://api.randomuser.me/0.2/portraits/women/17.jpg" alt="user">
    <p>mrs brooklyn evans</p>
    <p id="email">brooklyn.evans37@example.com</p>
  </div>
  <div class="card-user"><img class="user-image" src="https://api.randomuser.me/0.2/portraits/men/8.jpg" alt="user">
    <p>mr jack johnson</p>
    <p id="email">jack.johnson47@example.com</p>
  </div>
  <div class="card-user"><img class="user-image" src="https://api.randomuser.me/0.2/portraits/men/20.jpg" alt="user">
    <p>mr levi rivera</p>
    <p id="email">levi.rivera63@example.com</p>
  </div>
  <div class="card-user"><img class="user-image" src="https://api.randomuser.me/0.2/portraits/women/18.jpg" alt="user">
    <p>miss chloe alexander</p>
    <p id="email">chloe.alexander85@example.com</p>
  </div>
  <div class="card-user"><img class="user-image" src="https://api.randomuser.me/0.2/portraits/women/30.jpg" alt="user">
    <p>miss brooklyn thomas</p>
    <p id="email">brooklyn.thomas12@example.com</p>
  </div>
  <div class="card-user"><img class="user-image" src="https://api.randomuser.me/0.2/portraits/men/31.jpg" alt="user">
    <p>mr noah parker</p>
    <p id="email">noah.parker98@example.com</p>
  </div>
  <div class="card-user"><img class="user-image" src="https://api.randomuser.me/0.2/portraits/women/20.jpg" alt="user">
    <p>mrs grace scott</p>
    <p id="email">grace.scott91@example.com</p>
  </div>
  <div class="card-user"><img class="user-image" src="https://api.randomuser.me/0.2/portraits/men/0.jpg" alt="user">
    <p>mr carl reed</p>
    <p id="email">carl.reed98@example.com</p>
  </div>
  <div class="card-user"><img class="user-image" src="https://api.randomuser.me/0.2/portraits/men/48.jpg" alt="user">
    <p>mr thomas gonzales</p>
    <p id="email">thomas.gonzales30@example.com</p>
  </div>
  <div class="card-user"><img class="user-image" src="https://api.randomuser.me/0.2/portraits/women/23.jpg" alt="user">
    <p>miss sophie thompson</p>
    <p id="email">sophie.thompson36@example.com</p>
  </div>
  <div class="card-user"><img class="user-image" src="https://api.randomuser.me/0.2/portraits/women/21.jpg" alt="user">
    <p>miss jessica myers</p>
    <p id="email">jessica.myers84@example.com</p>
  </div>
  <div class="card-user"><img class="user-image" src="https://api.randomuser.me/0.2/portraits/women/0.jpg" alt="user">
    <p>miss addison thomas</p>
    <p id="email">addison.thomas52@example.com</p>
  </div>
  <div class="card-user"><img class="user-image" src="https://api.randomuser.me/0.2/portraits/men/12.jpg" alt="user">
    <p>mr harold hamilton</p>
    <p id="email">harold.hamilton82@example.com</p>
  </div>
</section>
`;
